// Vitest Snapshot v1, https://vitest.dev/guide/snapshot.html

exports[`LoginModal > matches snapshot 1`] = `
"<div class=\\"prime-dialog-stub\\" visible=\\"true\\" pt:root:class=\\"!border-0 !bg-transparent\\" pt:mask:class=\\"backdrop-blur-sm\\" closable=\\"false\\">
  <div class=\\"flex flex-col px-8 py-8 gap-6 rounded-2xl\\">
    <div class=\\"inline-flex flex-col gap-2\\"><label for=\\"username\\" class=\\"text-primary-50 font-semibold\\">Username</label>
      <prime-input-stub id=\\"username\\"></prime-input-stub>
    </div>
    <div class=\\"inline-flex flex-col gap-2\\"><label for=\\"password\\" class=\\"text-primary-50 font-semibold\\">Password</label>
      <prime-input-stub id=\\"password\\" type=\\"password\\"></prime-input-stub>
    </div>
    <div class=\\"flex items-center gap-4\\">
      <prime-button-stub label=\\"Sign-In\\" variant=\\"text\\" class=\\"!p-4 w-full !text-primary-50 !border !border-white/30 hover:!bg-white/10\\"></prime-button-stub>
    </div>
  </div>
</div>"
`;

exports[`LoginModal.vue > matches snapshot 1`] = `
"<div class=\\"prime-dialog-stub\\" visible=\\"true\\" pt:root:class=\\"!border-0 !bg-transparent\\" pt:mask:class=\\"backdrop-blur-sm\\" closable=\\"false\\">
  <div class=\\"flex flex-col px-8 py-8 gap-6 rounded-2xl\\">
    <div class=\\"inline-flex flex-col gap-2\\"><label for=\\"username\\" class=\\"text-primary-50 font-semibold\\">Username</label>
      <prime-input-stub id=\\"username\\"></prime-input-stub>
    </div>
    <div class=\\"inline-flex flex-col gap-2\\"><label for=\\"password\\" class=\\"text-primary-50 font-semibold\\">Password</label>
      <prime-input-stub id=\\"password\\" type=\\"password\\"></prime-input-stub>
    </div>
    <div class=\\"flex items-center gap-4\\">
      <prime-button-stub label=\\"Sign-In\\" variant=\\"text\\" class=\\"!p-4 w-full !text-primary-50 !border !border-white/30 hover:!bg-white/10\\"></prime-button-stub>
    </div>
  </div>
</div>"
`;
