// Vitest Snapshot v1, https://vitest.dev/guide/snapshot.html

exports[`Notification.vue > matches snapshot 1`] = `"<prime-toast-stub></prime-toast-stub>"`;
